[
  {
    "asset_code": "fogbench_smoke_test",
    "count": 1
  }
]
