FogLAMP started.
FogLAMP started.
Total Messages Transferred: 1
10
