FogLAMP discovered.
1
FogLAMP content cleaned - command reset.
FogLAMP started.
Total Messages Transferred: 1
FogLAMP asset list:
[
  {
    "asset_code": "SOW_fogbench_test",
    "count": 1
  }
]
